// Jest Snapshot v1, https://goo.gl/fbAQLP

exports[`Input renders correctly 1`] = `
<TextInput
  autoCapitalize="none"
  autoCorrect={false}
  autoFocus={false}
  onChangeText={[MockFunction]}
  placeholder="test@test.com"
  returnKeyType="done"
  secureTextEntry={false}
  style={
    Array [
      Object {
        "backgroundColor": "white",
        "paddingHorizontal": 10,
        "paddingVertical": 15,
        "width": 750,
      },
      Object {},
    ]
  }
  underlineColorAndroid="transparent"
  value="test@test.com"
/>
`;
